// Jest Snapshot v1, https://goo.gl/fbAQLP

exports[`App match snapshot 1`] = `
<div
  className="app-container"
>
  <ul />
  <div
    className="map-loading-element"
  />
</div>
`;

exports[`App render connected component 1`] = `
<App
  loadPlacesList={[Function]}
  placesList={Array []}
  store={
    Object {
      "clearActions": [Function],
      "dispatch": [Function],
      "getActions": [Function],
      "getState": [Function],
      "replaceReducer": [Function],
      "subscribe": [Function],
    }
  }
  storeSubscription={
    Subscription {
      "listeners": Object {
        "clear": [Function],
        "get": [Function],
        "notify": [Function],
        "subscribe": [Function],
      },
      "onStateChange": [Function],
      "parentSub": undefined,
      "store": Object {
        "clearActions": [Function],
        "dispatch": [Function],
        "getActions": [Function],
        "getState": [Function],
        "replaceReducer": [Function],
        "subscribe": [Function],
      },
      "unsubscribe": [Function],
    }
  }
/>
`;
