// Jest Snapshot v1, https://goo.gl/fbAQLP

exports[`MapItem match snapshot 1`] = `<div />`;
